env depth_craft already exists
Requirement already satisfied: torch==2.4.1 in /home/likhon/.slk/.prjt/envs/depth_craft/lib/python3.11/site-packages (2.4.1)
Requirement already satisfied: torchvision==0.19.1 in /home/likhon/.slk/.prjt/envs/depth_craft/lib/python3.11/site-packages (0.19.1)
Requirement already satisfied: torchaudio==2.4.1 in /home/likhon/.slk/.prjt/envs/depth_craft/lib/python3.11/site-packages (2.4.1)
Collecting filelock (from torch==2.4.1)
  Using cached filelock-3.32.6-py3-none-any.whl.metadata (2.0 kB)
Collecting typing-extensions>=4.8.0 (from torch==2.4.1)
  Using cached typing_extensions-4.16.0-py3-none-any.whl.metadata (3.3 kB)
Collecting sympy (from torch==2.4.1)
  Using cached sympy-1.14.0-py3-none-any.whl.metadata (12 kB)
Collecting networkx (from torch==2.4.1)
  Using cached networkx-3.6.1-py3-none-any.whl.metadata (6.8 kB)
Collecting jinja2 (from torch==2.4.1)
  Using cached jinja2-3.1.6-py3-none-any.whl.metadata (2.9 kB)
Collecting fsspec (from torch==2.4.1)
  Using cached fsspec-2026.7.0-py3-none-any.whl.metadata (10 kB)
Requirement already satisfied: nvidia-cuda-nvrtc-cu12==12.1.105 in /home/likhon/.slk/.prjt/envs/depth_craft/lib/python3.11/site-packages (from torch==2.4.1) (12.1.105)
Requirement already satisfied: nvidia-cuda-runtime-cu12==12.1.105 in /home/likhon/.slk/.prjt/envs/depth_craft/lib/python3.11/site-packages (from torch==2.4.1) (12.1.105)
Requirement already satisfied: nvidia-cuda-cupti-cu12==12.1.105 in /home/likhon/.slk/.prjt/envs/depth_craft/lib/python3.11/site-packages (from torch==2.4.1) (12.1.105)
Requirement already satisfied: nvidia-cudnn-cu12==9.1.0.70 in /home/likhon/.slk/.prjt/envs/depth_craft/lib/python3.11/site-packages (from torch==2.4.1) (9.1.0.70)
Requirement already satisfied: nvidia-cublas-cu12==12.1.3.1 in /home/likhon/.slk/.prjt/envs/depth_craft/lib/python3.11/site-packages (from torch==2.4.1) (12.1.3.1)
Requirement already satisfied: nvidia-cufft-cu12==11.0.2.54 in /home/likhon/.slk/.prjt/envs/depth_craft/lib/python3.11/site-packages (from torch==2.4.1) (11.0.2.54)
Requirement already satisfied: nvidia-curand-cu12==10.3.2.106 in /home/likhon/.slk/.prjt/envs/depth_craft/lib/python3.11/site-packages (from torch==2.4.1) (10.3.2.106)
Requirement already satisfied: nvidia-cusolver-cu12==11.4.5.107 in /home/likhon/.slk/.prjt/envs/depth_craft/lib/python3.11/site-packages (from torch==2.4.1) (11.4.5.107)
Requirement already satisfied: nvidia-cusparse-cu12==12.1.0.106 in /home/likhon/.slk/.prjt/envs/depth_craft/lib/python3.11/site-packages (from torch==2.4.1) (12.1.0.106)
Requirement already satisfied: nvidia-nccl-cu12==2.20.5 in /home/likhon/.slk/.prjt/envs/depth_craft/lib/python3.11/site-packages (from torch==2.4.1) (2.20.5)
Requirement already satisfied: nvidia-nvtx-cu12==12.1.105 in /home/likhon/.slk/.prjt/envs/depth_craft/lib/python3.11/site-packages (from torch==2.4.1) (12.1.105)
Requirement already satisfied: triton==3.0.0 in /home/likhon/.slk/.prjt/envs/depth_craft/lib/python3.11/site-packages (from torch==2.4.1) (3.0.0)
Requirement already satisfied: numpy in /home/likhon/.slk/.prjt/envs/depth_craft/lib/python3.11/site-packages (from torchvision==0.19.1) (1.26.4)
Collecting pillow!=8.3.*,>=5.3.0 (from torchvision==0.19.1)
  Downloading pillow-12.3.0-cp311-cp311-manylinux_2_27_x86_64.manylinux_2_28_x86_64.whl.metadata (9.1 kB)
Requirement already satisfied: nvidia-nvjitlink-cu12 in /home/likhon/.slk/.prjt/envs/depth_craft/lib/python3.11/site-packages (from nvidia-cusolver-cu12==11.4.5.107->torch==2.4.1) (12.9.86)
Collecting MarkupSafe>=2.0 (from jinja2->torch==2.4.1)
  Using cached markupsafe-3.0.3-cp311-cp311-manylinux2014_x86_64.manylinux_2_17_x86_64.manylinux_2_28_x86_64.whl.metadata (2.7 kB)
Collecting mpmath<1.4,>=1.1.0 (from sympy->torch==2.4.1)
  Using cached mpmath-1.3.0-py3-none-any.whl.metadata (8.6 kB)
Downloading pillow-12.3.0-cp311-cp311-manylinux_2_27_x86_64.manylinux_2_28_x86_64.whl (6.9 MB)
   ━━━━━━━━━━━━━━━━━━━━━━━━━━━━━━━━━━━━━━━━ 6.9/6.9 MB 75.4 MB/s  0:00:00
Using cached typing_extensions-4.16.0-py3-none-any.whl (45 kB)
Using cached filelock-3.32.6-py3-none-any.whl (100 kB)
Using cached fsspec-2026.7.0-py3-none-any.whl (206 kB)
Using cached jinja2-3.1.6-py3-none-any.whl (134 kB)
Using cached markupsafe-3.0.3-cp311-cp311-manylinux2014_x86_64.manylinux_2_17_x86_64.manylinux_2_28_x86_64.whl (22 kB)
Using cached networkx-3.6.1-py3-none-any.whl (2.1 MB)
Using cached sympy-1.14.0-py3-none-any.whl (6.3 MB)
Using cached mpmath-1.3.0-py3-none-any.whl (536 kB)
Installing collected packages: mpmath, typing-extensions, sympy, pillow, networkx, MarkupSafe, fsspec, filelock, jinja2

ERROR: pip's dependency resolver does not currently take into account all the packages that are installed. This behaviour is the source of the following dependency conflicts.
open3d 0.19.0 requires matplotlib>=3, which is not installed.
open3d 0.19.0 requires pyyaml>=5.4.1, which is not installed.
open3d 0.19.0 requires tqdm, which is not installed.
transformers 4.49.0 requires pyyaml>=5.1, which is not installed.
transformers 4.49.0 requires safetensors>=0.4.1, which is not installed.
transformers 4.49.0 requires tqdm>=4.27, which is not installed.
flask 3.1.3 requires click>=8.1.3, which is not installed.
dash 4.4.1 requires pydantic>=2.10, which is not installed.
ipython 9.17.1 requires pygments>=2.14.0, which is not installed.
gradio 6.17.3 requires anyio<5.0,>=3.0, which is not installed.
gradio 6.17.3 requires httpx<1.0,>=0.24.1, which is not installed.
gradio 6.17.3 requires pydantic<=3.0,>=2.0, which is not installed.
gradio 6.17.3 requires pyyaml<7.0,>=5.0, which is not installed.
gradio 6.17.3 requires typer<1.0,>=0.12, which is not installed.
gradio-client 2.5.0 requires httpx>=0.24.1, which is not installed.
huggingface-hub 0.36.2 requires hf-xet<2.0.0,>=1.1.3; platform_machine == "x86_64" or platform_machine == "amd64" or platform_machine == "arm64" or platform_machine == "aarch64", which is not installed.
huggingface-hub 0.36.2 requires pyyaml>=5.1, which is not installed.
huggingface-hub 0.36.2 requires tqdm>=4.42.1, which is not installed.
depthcraft 0.1.0 requires matplotlib>=3.7, which is not installed.
depthcraft 0.1.0 requires pydantic>=2.0, which is not installed.
depthcraft 0.1.0 requires pyyaml>=6.0, which is not installed.
depthcraft 0.1.0 requires scipy>=1.11, which is not installed.
fastapi 0.141.1 requires annotated-doc>=0.0.2, which is not installed.
fastapi 0.141.1 requires pydantic>=2.9.0, which is not installed.
fastapi 0.141.1 requires typing-inspection>=0.4.2, which is not installed.
starlette 1.6.0 requires anyio<5,>=3.6.2, which is not installed.
Successfully installed MarkupSafe-3.0.3 filelock-3.32.6 fsspec-2026.7.0 jinja2-3.1.6 mpmath-1.3.0 networkx-3.6.1 pillow-12.3.0 sympy-1.14.0 typing-extensions-4.16.0
Obtaining file:///home/likhon/.slk/.prjt/depth_craft
  Installing build dependencies: started
  Installing build dependencies: finished with status 'done'
  Checking if build backend supports build_editable: started
  Checking if build backend supports build_editable: finished with status 'done'
  Getting requirements to build editable: started
  Getting requirements to build editable: finished with status 'done'
  Preparing editable metadata (pyproject.toml): started
  Preparing editable metadata (pyproject.toml): finished with status 'done'
Requirement already satisfied: numpy>=1.24 in /home/likhon/.slk/.prjt/envs/depth_craft/lib/python3.11/site-packages (from depthcraft==0.1.0) (1.26.4)
Requirement already satisfied: opencv-python-headless>=4.9 in /home/likhon/.slk/.prjt/envs/depth_craft/lib/python3.11/site-packages (from depthcraft==0.1.0) (4.11.0.86)
Requirement already satisfied: open3d>=0.18 in /home/likhon/.slk/.prjt/envs/depth_craft/lib/python3.11/site-packages (from depthcraft==0.1.0) (0.19.0)
Requirement already satisfied: scikit-learn>=1.3 in /home/likhon/.slk/.prjt/envs/depth_craft/lib/python3.11/site-packages (from depthcraft==0.1.0) (1.9.1)
Collecting scipy>=1.11 (from depthcraft==0.1.0)
  Downloading scipy-1.17.1-cp311-cp311-manylinux_2_27_x86_64.manylinux_2_28_x86_64.whl.metadata (62 kB)
Requirement already satisfied: pillow>=10.0 in /home/likhon/.slk/.prjt/envs/depth_craft/lib/python3.11/site-packages (from depthcraft==0.1.0) (12.3.0)
Collecting pyyaml>=6.0 (from depthcraft==0.1.0)
  Using cached pyyaml-6.0.3-cp311-cp311-manylinux2014_x86_64.manylinux_2_17_x86_64.manylinux_2_28_x86_64.whl.metadata (2.4 kB)
Collecting pydantic>=2.0 (from depthcraft==0.1.0)
  Downloading pydantic-2.13.5-py3-none-any.whl.metadata (110 kB)
Requirement already satisfied: fastapi>=0.110 in /home/likhon/.slk/.prjt/envs/depth_craft/lib/python3.11/site-packages (from depthcraft==0.1.0) (0.141.1)
Requirement already satisfied: uvicorn>=0.29 in /home/likhon/.slk/.prjt/envs/depth_craft/lib/python3.11/site-packages (from uvicorn[standard]>=0.29->depthcraft==0.1.0) (0.53.0)
Requirement already satisfied: python-multipart>=0.0.9 in /home/likhon/.slk/.prjt/envs/depth_craft/lib/python3.11/site-packages (from depthcraft==0.1.0) (0.0.32)
Requirement already satisfied: gradio>=4.0 in /home/likhon/.slk/.prjt/envs/depth_craft/lib/python3.11/site-packages (from depthcraft==0.1.0) (6.17.3)
Collecting matplotlib>=3.7 (from depthcraft==0.1.0)
  Downloading matplotlib-3.11.2-cp311-cp311-manylinux2014_x86_64.manylinux_2_17_x86_64.whl.metadata (80 kB)
Requirement already satisfied: trimesh>=4.0 in /home/likhon/.slk/.prjt/envs/depth_craft/lib/python3.11/site-packages (from depthcraft==0.1.0) (5.1.0)
Requirement already satisfied: torch>=2.0 in /home/likhon/.slk/.prjt/envs/depth_craft/lib/python3.11/site-packages (from depthcraft==0.1.0) (2.4.1)
Requirement already satisfied: torchvision in /home/likhon/.slk/.prjt/envs/depth_craft/lib/python3.11/site-packages (from depthcraft==0.1.0) (0.19.1)
Requirement already satisfied: transformers>=4.40 in /home/likhon/.slk/.prjt/envs/depth_craft/lib/python3.11/site-packages (from depthcraft==0.1.0) (4.49.0)
Requirement already satisfied: pytest>=8.0 in /home/likhon/.slk/.prjt/envs/depth_craft/lib/python3.11/site-packages (from depthcraft==0.1.0) (9.1.1)
Requirement already satisfied: pytest-cov in /home/likhon/.slk/.prjt/envs/depth_craft/lib/python3.11/site-packages (from depthcraft==0.1.0) (7.1.0)
Requirement already satisfied: ruff in /home/likhon/.slk/.prjt/envs/depth_craft/lib/python3.11/site-packages (from depthcraft==0.1.0) (0.16.7)
Requirement already satisfied: mypy in /home/likhon/.slk/.prjt/envs/depth_craft/lib/python3.11/site-packages (from depthcraft==0.1.0) (2.3.1)
Collecting httpx (from depthcraft==0.1.0)
  Using cached httpx-0.28.1-py3-none-any.whl.metadata (7.1 kB)
Requirement already satisfied: starlette>=0.46.0 in /home/likhon/.slk/.prjt/envs/depth_craft/lib/python3.11/site-packages (from fastapi>=0.110->depthcraft==0.1.0) (1.6.0)
Requirement already satisfied: typing-extensions>=4.8.0 in /home/likhon/.slk/.prjt/envs/depth_craft/lib/python3.11/site-packages (from fastapi>=0.110->depthcraft==0.1.0) (4.16.0)
Collecting typing-inspection>=0.4.2 (from fastapi>=0.110->depthcraft==0.1.0)
  Downloading typing_inspection-0.4.4-py3-none-any.whl.metadata (2.6 kB)
Collecting annotated-doc>=0.0.2 (from fastapi>=0.110->depthcraft==0.1.0)
  Using cached annotated_doc-0.0.5-py3-none-any.whl.metadata (6.5 kB)
Collecting anyio<5.0,>=3.0 (from gradio>=4.0->depthcraft==0.1.0)
  Using cached anyio-4.15.1-py3-none-any.whl.metadata (4.7 kB)
Requirement already satisfied: brotli>=1.1.0 in /home/likhon/.slk/.prjt/envs/depth_craft/lib/python3.11/site-packages (from gradio>=4.0->depthcraft==0.1.0) (1.2.0)
Requirement already satisfied: gradio-client==2.5.0 in /home/likhon/.slk/.prjt/envs/depth_craft/lib/python3.11/site-packages (from gradio>=4.0->depthcraft==0.1.0) (2.5.0)
Requirement already satisfied: groovy~=0.1 in /home/likhon/.slk/.prjt/envs/depth_craft/lib/python3.11/site-packages (from gradio>=4.0->depthcraft==0.1.0) (0.1.2)
Requirement already satisfied: hf-gradio<1.0,>=0.4.1 in /home/likhon/.slk/.prjt/envs/depth_craft/lib/python3.11/site-packages (from gradio>=4.0->depthcraft==0.1.0) (0.4.1)
Requirement already satisfied: huggingface-hub<2.0,>=0.33.5 in /home/likhon/.slk/.prjt/envs/depth_craft/lib/python3.11/site-packages (from gradio>=4.0->depthcraft==0.1.0) (0.36.2)
Requirement already satisfied: jinja2<4.0 in /home/likhon/.slk/.prjt/envs/depth_craft/lib/python3.11/site-packages (from gradio>=4.0->depthcraft==0.1.0) (3.1.6)
Requirement already satisfied: markupsafe<4.0,>=2.0 in /home/likhon/.slk/.prjt/envs/depth_craft/lib/python3.11/site-packages (from gradio>=4.0->depthcraft==0.1.0) (3.0.3)
Requirement already satisfied: orjson~=3.0 in /home/likhon/.slk/.prjt/envs/depth_craft/lib/python3.11/site-packages (from gradio>=4.0->depthcraft==0.1.0) (3.12.0)
Requirement already satisfied: packaging in /home/likhon/.slk/.prjt/envs/depth_craft/lib/python3.11/site-packages (from gradio>=4.0->depthcraft==0.1.0) (26.3)
Requirement already satisfied: pandas<4.0,>=1.0 in /home/likhon/.slk/.prjt/envs/depth_craft/lib/python3.11/site-packages (from gradio>=4.0->depthcraft==0.1.0) (3.0.5)
Requirement already satisfied: pydub<1.0 in /home/likhon/.slk/.prjt/envs/depth_craft/lib/python3.11/site-packages (from gradio>=4.0->depthcraft==0.1.0) (0.25.1)
Requirement already satisfied: pytz>=2017.2 in /home/likhon/.slk/.prjt/envs/depth_craft/lib/python3.11/site-packages (from gradio>=4.0->depthcraft==0.1.0) (2026.3.post1)
Requirement already satisfied: safehttpx<0.2.0,>=0.1.7 in /home/likhon/.slk/.prjt/envs/depth_craft/lib/python3.11/site-packages (from gradio>=4.0->depthcraft==0.1.0) (0.1.7)
Requirement already satisfied: semantic-version~=2.0 in /home/likhon/.slk/.prjt/envs/depth_craft/lib/python3.11/site-packages (from gradio>=4.0->depthcraft==0.1.0) (2.10.0)
Requirement already satisfied: tomlkit<0.15.0,>=0.12.0 in /home/likhon/.slk/.prjt/envs/depth_craft/lib/python3.11/site-packages (from gradio>=4.0->depthcraft==0.1.0) (0.14.0)
Collecting typer<1.0,>=0.12 (from gradio>=4.0->depthcraft==0.1.0)
  Downloading typer-0.27.2-py3-none-any.whl.metadata (16 kB)
Requirement already satisfied: fsspec in /home/likhon/.slk/.prjt/envs/depth_craft/lib/python3.11/site-packages (from gradio-client==2.5.0->gradio>=4.0->depthcraft==0.1.0) (2026.7.0)
Collecting idna>=2.8 (from anyio<5.0,>=3.0->gradio>=4.0->depthcraft==0.1.0)
  Using cached idna-3.19-py3-none-any.whl.metadata (9.2 kB)
Requirement already satisfied: certifi in /home/likhon/.slk/.prjt/envs/depth_craft/lib/python3.11/site-packages (from httpx->depthcraft==0.1.0) (2026.7.22)
Collecting httpcore==1.* (from httpx->depthcraft==0.1.0)
  Using cached httpcore-1.0.9-py3-none-any.whl.metadata (21 kB)
Collecting h11>=0.16 (from httpcore==1.*->httpx->depthcraft==0.1.0)
  Using cached h11-0.16.0-py3-none-any.whl.metadata (8.3 kB)
Requirement already satisfied: filelock in /home/likhon/.slk/.prjt/envs/depth_craft/lib/python3.11/site-packages (from huggingface-hub<2.0,>=0.33.5->gradio>=4.0->depthcraft==0.1.0) (3.32.6)
Collecting hf-xet<2.0.0,>=1.1.3 (from huggingface-hub<2.0,>=0.33.5->gradio>=4.0->depthcraft==0.1.0)
  Using cached hf_xet-1.6.0-cp38-abi3-manylinux2014_x86_64.manylinux_2_17_x86_64.whl.metadata (4.9 kB)
Requirement already satisfied: requests in /home/likhon/.slk/.prjt/envs/depth_craft/lib/python3.11/site-packages (from huggingface-hub<2.0,>=0.33.5->gradio>=4.0->depthcraft==0.1.0) (2.34.2)
Collecting tqdm>=4.42.1 (from huggingface-hub<2.0,>=0.33.5->gradio>=4.0->depthcraft==0.1.0)
  Using cached tqdm-4.70.1-py3-none-any.whl.metadata (57 kB)
Collecting python-dateutil>=2.8.2 (from pandas<4.0,>=1.0->gradio>=4.0->depthcraft==0.1.0)
  Using cached python_dateutil-2.9.0.post0-py2.py3-none-any.whl.metadata (8.4 kB)
Collecting annotated-types>=0.6.0 (from pydantic>=2.0->depthcraft==0.1.0)
  Downloading annotated_types-0.8.0-py3-none-any.whl.metadata (15 kB)
Collecting pydantic-core==2.46.5 (from pydantic>=2.0->depthcraft==0.1.0)
  Downloading pydantic_core-2.46.5-cp311-cp311-manylinux_2_17_x86_64.manylinux2014_x86_64.whl.metadata (6.6 kB)
Collecting shellingham>=1.3.0 (from typer<1.0,>=0.12->gradio>=4.0->depthcraft==0.1.0)
  Using cached shellingham-1.5.4-py2.py3-none-any.whl.metadata (3.5 kB)
Collecting rich>=13.8.0 (from typer<1.0,>=0.12->gradio>=4.0->depthcraft==0.1.0)
  Using cached rich-15.0.0-py3-none-any.whl.metadata (18 kB)
Collecting contourpy>=1.0.1 (from matplotlib>=3.7->depthcraft==0.1.0)
  Using cached contourpy-1.3.3-cp311-cp311-manylinux_2_27_x86_64.manylinux_2_28_x86_64.whl.metadata (5.5 kB)
Collecting cycler>=0.10 (from matplotlib>=3.7->depthcraft==0.1.0)
  Using cached cycler-0.12.1-py3-none-any.whl.metadata (3.8 kB)
Collecting fonttools>=4.28.2 (from matplotlib>=3.7->depthcraft==0.1.0)
  Downloading fonttools-4.65.0-cp311-cp311-manylinux2014_x86_64.manylinux_2_17_x86_64.whl.metadata (125 kB)
Collecting kiwisolver>=1.3.1 (from matplotlib>=3.7->depthcraft==0.1.0)
  Downloading kiwisolver-1.5.1-cp311-cp311-manylinux2014_x86_64.manylinux_2_17_x86_64.whl.metadata (5.2 kB)
Collecting pyparsing>=3 (from matplotlib>=3.7->depthcraft==0.1.0)
  Downloading pyparsing-3.3.2-py3-none-any.whl.metadata (5.8 kB)
Requirement already satisfied: dash>=2.6.0 in /home/likhon/.slk/.prjt/envs/depth_craft/lib/python3.11/site-packages (from open3d>=0.18->depthcraft==0.1.0) (4.4.1)
Requirement already satisfied: werkzeug>=3.0.0 in /home/likhon/.slk/.prjt/envs/depth_craft/lib/python3.11/site-packages (from open3d>=0.18->depthcraft==0.1.0) (3.1.8)
Requirement already satisfied: flask>=3.0.0 in /home/likhon/.slk/.prjt/envs/depth_craft/lib/python3.11/site-packages (from open3d>=0.18->depthcraft==0.1.0) (3.1.3)
Requirement already satisfied: nbformat>=5.7.0 in /home/likhon/.slk/.prjt/envs/depth_craft/lib/python3.11/site-packages (from open3d>=0.18->depthcraft==0.1.0) (5.11.1)
Requirement already satisfied: configargparse in /home/likhon/.slk/.prjt/envs/depth_craft/lib/python3.11/site-packages (from open3d>=0.18->depthcraft==0.1.0) (1.7.7)
Requirement already satisfied: ipywidgets>=8.0.4 in /home/likhon/.slk/.prjt/envs/depth_craft/lib/python3.11/site-packages (from open3d>=0.18->depthcraft==0.1.0) (8.1.9)
Requirement already satisfied: addict in /home/likhon/.slk/.prjt/envs/depth_craft/lib/python3.11/site-packages (from open3d>=0.18->depthcraft==0.1.0) (2.4.0)
Requirement already satisfied: pyquaternion in /home/likhon/.slk/.prjt/envs/depth_craft/lib/python3.11/site-packages (from open3d>=0.18->depthcraft==0.1.0) (0.9.9)
Requirement already satisfied: plotly>=5.0.0 in /home/likhon/.slk/.prjt/envs/depth_craft/lib/python3.11/site-packages (from dash>=2.6.0->open3d>=0.18->depthcraft==0.1.0) (7.0.0)
Requirement already satisfied: importlib-metadata in /home/likhon/.slk/.prjt/envs/depth_craft/lib/python3.11/site-packages (from dash>=2.6.0->open3d>=0.18->depthcraft==0.1.0) (9.0.1)
Requirement already satisfied: retrying in /home/likhon/.slk/.prjt/envs/depth_craft/lib/python3.11/site-packages (from dash>=2.6.0->open3d>=0.18->depthcraft==0.1.0) (1.4.2)
Requirement already satisfied: nest-asyncio in /home/likhon/.slk/.prjt/envs/depth_craft/lib/python3.11/site-packages (from dash>=2.6.0->open3d>=0.18->depthcraft==0.1.0) (1.6.0)
Requirement already satisfied: setuptools in /home/likhon/.slk/.prjt/envs/depth_craft/lib/python3.11/site-packages (from dash>=2.6.0->open3d>=0.18->depthcraft==0.1.0) (84.0.0)
Requirement already satisfied: janus>=1.0.0 in /home/likhon/.slk/.prjt/envs/depth_craft/lib/python3.11/site-packages (from dash>=2.6.0->open3d>=0.18->depthcraft==0.1.0) (2.0.0)
Requirement already satisfied: comm in /home/likhon/.slk/.prjt/envs/depth_craft/lib/python3.11/site-packages (from dash>=2.6.0->open3d>=0.18->depthcraft==0.1.0) (0.2.3)
Requirement already satisfied: blinker>=1.9.0 in /home/likhon/.slk/.prjt/envs/depth_craft/lib/python3.11/site-packages (from flask>=3.0.0->open3d>=0.18->depthcraft==0.1.0) (1.9.0)
Collecting click>=8.1.3 (from flask>=3.0.0->open3d>=0.18->depthcraft==0.1.0)
  Using cached click-8.5.0-py3-none-any.whl.metadata (2.6 kB)
Requirement already satisfied: itsdangerous>=2.2.0 in /home/likhon/.slk/.prjt/envs/depth_craft/lib/python3.11/site-packages (from flask>=3.0.0->open3d>=0.18->depthcraft==0.1.0) (2.2.0)
Requirement already satisfied: ipython>=6.1.0 in /home/likhon/.slk/.prjt/envs/depth_craft/lib/python3.11/site-packages (from ipywidgets>=8.0.4->open3d>=0.18->depthcraft==0.1.0) (9.17.1)
Requirement already satisfied: traitlets>=4.3.1 in /home/likhon/.slk/.prjt/envs/depth_craft/lib/python3.11/site-packages (from ipywidgets>=8.0.4->open3d>=0.18->depthcraft==0.1.0) (5.16.1)
Requirement already satisfied: widgetsnbextension~=4.0.16 in /home/likhon/.slk/.prjt/envs/depth_craft/lib/python3.11/site-packages (from ipywidgets>=8.0.4->open3d>=0.18->depthcraft==0.1.0) (4.0.16)
Requirement already satisfied: jupyterlab_widgets~=3.0.17 in /home/likhon/.slk/.prjt/envs/depth_craft/lib/python3.11/site-packages (from ipywidgets>=8.0.4->open3d>=0.18->depthcraft==0.1.0) (3.0.17)
Requirement already satisfied: ipython-pygments-lexers>=1.0.0 in /home/likhon/.slk/.prjt/envs/depth_craft/lib/python3.11/site-packages (from ipython>=6.1.0->ipywidgets>=8.0.4->open3d>=0.18->depthcraft==0.1.0) (1.1.1)
Requirement already satisfied: jedi>=0.18.2 in /home/likhon/.slk/.prjt/envs/depth_craft/lib/python3.11/site-packages (from ipython>=6.1.0->ipywidgets>=8.0.4->open3d>=0.18->depthcraft==0.1.0) (0.20.0)
Requirement already satisfied: matplotlib-inline>=0.1.6 in /home/likhon/.slk/.prjt/envs/depth_craft/lib/python3.11/site-packages (from ipython>=6.1.0->ipywidgets>=8.0.4->open3d>=0.18->depthcraft==0.1.0) (0.2.2)
Requirement already satisfied: pexpect>4.6 in /home/likhon/.slk/.prjt/envs/depth_craft/lib/python3.11/site-packages (from ipython>=6.1.0->ipywidgets>=8.0.4->open3d>=0.18->depthcraft==0.1.0) (4.9.0)
Requirement already satisfied: prompt_toolkit<3.1.0,>=3.0.41 in /home/likhon/.slk/.prjt/envs/depth_craft/lib/python3.11/site-packages (from ipython>=6.1.0->ipywidgets>=8.0.4->open3d>=0.18->depthcraft==0.1.0) (3.0.53)
Requirement already satisfied: psutil>=7 in /home/likhon/.slk/.prjt/envs/depth_craft/lib/python3.11/site-packages (from ipython>=6.1.0->ipywidgets>=8.0.4->open3d>=0.18->depthcraft==0.1.0) (7.2.2)
Collecting pygments>=2.14.0 (from ipython>=6.1.0->ipywidgets>=8.0.4->open3d>=0.18->depthcraft==0.1.0)
  Using cached pygments-2.21.0-py3-none-any.whl.metadata (2.5 kB)
Requirement already satisfied: stack_data>=0.6.0 in /home/likhon/.slk/.prjt/envs/depth_craft/lib/python3.11/site-packages (from ipython>=6.1.0->ipywidgets>=8.0.4->open3d>=0.18->depthcraft==0.1.0) (0.6.3)
Requirement already satisfied: wcwidth>=0.1.4 in /home/likhon/.slk/.prjt/envs/depth_craft/lib/python3.11/site-packages (from prompt_toolkit<3.1.0,>=3.0.41->ipython>=6.1.0->ipywidgets>=8.0.4->open3d>=0.18->depthcraft==0.1.0) (0.8.3)
Requirement already satisfied: parso<0.9.0,>=0.8.6 in /home/likhon/.slk/.prjt/envs/depth_craft/lib/python3.11/site-packages (from jedi>=0.18.2->ipython>=6.1.0->ipywidgets>=8.0.4->open3d>=0.18->depthcraft==0.1.0) (0.8.7)
Requirement already satisfied: fastjsonschema>=2.15 in /home/likhon/.slk/.prjt/envs/depth_craft/lib/python3.11/site-packages (from nbformat>=5.7.0->open3d>=0.18->depthcraft==0.1.0) (2.22.2)
Requirement already satisfied: jsonschema>=2.6 in /home/likhon/.slk/.prjt/envs/depth_craft/lib/python3.11/site-packages (from nbformat>=5.7.0->open3d>=0.18->depthcraft==0.1.0) (4.26.0)
Requirement already satisfied: jupyter-core!=5.0.*,>=4.12 in /home/likhon/.slk/.prjt/envs/depth_craft/lib/python3.11/site-packages (from nbformat>=5.7.0->open3d>=0.18->depthcraft==0.1.0) (5.9.1)
Requirement already satisfied: attrs>=22.2.0 in /home/likhon/.slk/.prjt/envs/depth_craft/lib/python3.11/site-packages (from jsonschema>=2.6->nbformat>=5.7.0->open3d>=0.18->depthcraft==0.1.0) (26.1.0)
Requirement already satisfied: jsonschema-specifications>=2023.03.6 in /home/likhon/.slk/.prjt/envs/depth_craft/lib/python3.11/site-packages (from jsonschema>=2.6->nbformat>=5.7.0->open3d>=0.18->depthcraft==0.1.0) (2025.9.1)
Requirement already satisfied: referencing>=0.28.4 in /home/likhon/.slk/.prjt/envs/depth_craft/lib/python3.11/site-packages (from jsonschema>=2.6->nbformat>=5.7.0->open3d>=0.18->depthcraft==0.1.0) (0.37.0)
Requirement already satisfied: rpds-py>=0.25.0 in /home/likhon/.slk/.prjt/envs/depth_craft/lib/python3.11/site-packages (from jsonschema>=2.6->nbformat>=5.7.0->open3d>=0.18->depthcraft==0.1.0) (2026.6.3)
Requirement already satisfied: platformdirs>=2.5 in /home/likhon/.slk/.prjt/envs/depth_craft/lib/python3.11/site-packages (from jupyter-core!=5.0.*,>=4.12->nbformat>=5.7.0->open3d>=0.18->depthcraft==0.1.0) (4.11.8)
Requirement already satisfied: ptyprocess>=0.5 in /home/likhon/.slk/.prjt/envs/depth_craft/lib/python3.11/site-packages (from pexpect>4.6->ipython>=6.1.0->ipywidgets>=8.0.4->open3d>=0.18->depthcraft==0.1.0) (0.7.0)
Requirement already satisfied: narwhals>=1.15.1 in /home/likhon/.slk/.prjt/envs/depth_craft/lib/python3.11/site-packages (from plotly>=5.0.0->dash>=2.6.0->open3d>=0.18->depthcraft==0.1.0) (2.26.0)
Requirement already satisfied: iniconfig>=1.0.1 in /home/likhon/.slk/.prjt/envs/depth_craft/lib/python3.11/site-packages (from pytest>=8.0->depthcraft==0.1.0) (2.3.0)
Requirement already satisfied: pluggy<2,>=1.5 in /home/likhon/.slk/.prjt/envs/depth_craft/lib/python3.11/site-packages (from pytest>=8.0->depthcraft==0.1.0) (1.6.0)
Collecting six>=1.5 (from python-dateutil>=2.8.2->pandas<4.0,>=1.0->gradio>=4.0->depthcraft==0.1.0)
  Using cached six-1.17.0-py2.py3-none-any.whl.metadata (1.7 kB)
Collecting markdown-it-py>=2.2.0 (from rich>=13.8.0->typer<1.0,>=0.12->gradio>=4.0->depthcraft==0.1.0)
  Using cached markdown_it_py-4.2.0-py3-none-any.whl.metadata (7.4 kB)
Collecting mdurl~=0.1 (from markdown-it-py>=2.2.0->rich>=13.8.0->typer<1.0,>=0.12->gradio>=4.0->depthcraft==0.1.0)
  Using cached mdurl-0.1.2-py3-none-any.whl.metadata (1.6 kB)
Requirement already satisfied: joblib>=1.4.0 in /home/likhon/.slk/.prjt/envs/depth_craft/lib/python3.11/site-packages (from scikit-learn>=1.3->depthcraft==0.1.0) (1.6.0)
Requirement already satisfied: threadpoolctl>=3.5.0 in /home/likhon/.slk/.prjt/envs/depth_craft/lib/python3.11/site-packages (from scikit-learn>=1.3->depthcraft==0.1.0) (3.6.0)
Requirement already satisfied: cloudpickle>=3.0 in /home/likhon/.slk/.prjt/envs/depth_craft/lib/python3.11/site-packages (from joblib>=1.4.0->scikit-learn>=1.3->depthcraft==0.1.0) (3.1.2)
Requirement already satisfied: executing>=1.2.0 in /home/likhon/.slk/.prjt/envs/depth_craft/lib/python3.11/site-packages (from stack_data>=0.6.0->ipython>=6.1.0->ipywidgets>=8.0.4->open3d>=0.18->depthcraft==0.1.0) (2.2.1)
Requirement already satisfied: asttokens>=2.1.0 in /home/likhon/.slk/.prjt/envs/depth_craft/lib/python3.11/site-packages (from stack_data>=0.6.0->ipython>=6.1.0->ipywidgets>=8.0.4->open3d>=0.18->depthcraft==0.1.0) (3.0.2)
Requirement already satisfied: pure-eval in /home/likhon/.slk/.prjt/envs/depth_craft/lib/python3.11/site-packages (from stack_data>=0.6.0->ipython>=6.1.0->ipywidgets>=8.0.4->open3d>=0.18->depthcraft==0.1.0) (0.2.4)
Requirement already satisfied: sympy in /home/likhon/.slk/.prjt/envs/depth_craft/lib/python3.11/site-packages (from torch>=2.0->depthcraft==0.1.0) (1.14.0)
Requirement already satisfied: networkx in /home/likhon/.slk/.prjt/envs/depth_craft/lib/python3.11/site-packages (from torch>=2.0->depthcraft==0.1.0) (3.6.1)
Requirement already satisfied: nvidia-cuda-nvrtc-cu12==12.1.105 in /home/likhon/.slk/.prjt/envs/depth_craft/lib/python3.11/site-packages (from torch>=2.0->depthcraft==0.1.0) (12.1.105)
Requirement already satisfied: nvidia-cuda-runtime-cu12==12.1.105 in /home/likhon/.slk/.prjt/envs/depth_craft/lib/python3.11/site-packages (from torch>=2.0->depthcraft==0.1.0) (12.1.105)
Requirement already satisfied: nvidia-cuda-cupti-cu12==12.1.105 in /home/likhon/.slk/.prjt/envs/depth_craft/lib/python3.11/site-packages (from torch>=2.0->depthcraft==0.1.0) (12.1.105)
Requirement already satisfied: nvidia-cudnn-cu12==9.1.0.70 in /home/likhon/.slk/.prjt/envs/depth_craft/lib/python3.11/site-packages (from torch>=2.0->depthcraft==0.1.0) (9.1.0.70)
Requirement already satisfied: nvidia-cublas-cu12==12.1.3.1 in /home/likhon/.slk/.prjt/envs/depth_craft/lib/python3.11/site-packages (from torch>=2.0->depthcraft==0.1.0) (12.1.3.1)
Requirement already satisfied: nvidia-cufft-cu12==11.0.2.54 in /home/likhon/.slk/.prjt/envs/depth_craft/lib/python3.11/site-packages (from torch>=2.0->depthcraft==0.1.0) (11.0.2.54)
Requirement already satisfied: nvidia-curand-cu12==10.3.2.106 in /home/likhon/.slk/.prjt/envs/depth_craft/lib/python3.11/site-packages (from torch>=2.0->depthcraft==0.1.0) (10.3.2.106)
Requirement already satisfied: nvidia-cusolver-cu12==11.4.5.107 in /home/likhon/.slk/.prjt/envs/depth_craft/lib/python3.11/site-packages (from torch>=2.0->depthcraft==0.1.0) (11.4.5.107)
Requirement already satisfied: nvidia-cusparse-cu12==12.1.0.106 in /home/likhon/.slk/.prjt/envs/depth_craft/lib/python3.11/site-packages (from torch>=2.0->depthcraft==0.1.0) (12.1.0.106)
Requirement already satisfied: nvidia-nccl-cu12==2.20.5 in /home/likhon/.slk/.prjt/envs/depth_craft/lib/python3.11/site-packages (from torch>=2.0->depthcraft==0.1.0) (2.20.5)
Requirement already satisfied: nvidia-nvtx-cu12==12.1.105 in /home/likhon/.slk/.prjt/envs/depth_craft/lib/python3.11/site-packages (from torch>=2.0->depthcraft==0.1.0) (12.1.105)
Requirement already satisfied: triton==3.0.0 in /home/likhon/.slk/.prjt/envs/depth_craft/lib/python3.11/site-packages (from torch>=2.0->depthcraft==0.1.0) (3.0.0)
Requirement already satisfied: nvidia-nvjitlink-cu12 in /home/likhon/.slk/.prjt/envs/depth_craft/lib/python3.11/site-packages (from nvidia-cusolver-cu12==11.4.5.107->torch>=2.0->depthcraft==0.1.0) (12.9.86)
Requirement already satisfied: regex!=2019.12.17 in /home/likhon/.slk/.prjt/envs/depth_craft/lib/python3.11/site-packages (from transformers>=4.40->depthcraft==0.1.0) (2026.9.10)
Requirement already satisfied: tokenizers<0.22,>=0.21 in /home/likhon/.slk/.prjt/envs/depth_craft/lib/python3.11/site-packages (from transformers>=4.40->depthcraft==0.1.0) (0.21.4)
Collecting safetensors>=0.4.1 (from transformers>=4.40->depthcraft==0.1.0)
  Using cached safetensors-0.8.0-cp310-abi3-manylinux_2_17_x86_64.manylinux2014_x86_64.whl.metadata (4.2 kB)
Requirement already satisfied: httptools>=0.8.0 in /home/likhon/.slk/.prjt/envs/depth_craft/lib/python3.11/site-packages (from uvicorn[standard]>=0.29->depthcraft==0.1.0) (0.8.0)
Collecting python-dotenv>=0.13 (from uvicorn[standard]>=0.29->depthcraft==0.1.0)
  Using cached python_dotenv-1.2.3-py3-none-any.whl.metadata (29 kB)
Requirement already satisfied: uvloop>=0.15.1 in /home/likhon/.slk/.prjt/envs/depth_craft/lib/python3.11/site-packages (from uvicorn[standard]>=0.29->depthcraft==0.1.0) (0.22.1)
Requirement already satisfied: watchfiles>=0.20 in /home/likhon/.slk/.prjt/envs/depth_craft/lib/python3.11/site-packages (from uvicorn[standard]>=0.29->depthcraft==0.1.0) (1.2.0)
Requirement already satisfied: websockets>=13.0 in /home/likhon/.slk/.prjt/envs/depth_craft/lib/python3.11/site-packages (from uvicorn[standard]>=0.29->depthcraft==0.1.0) (17.1)
Requirement already satisfied: zipp>=3.20 in /home/likhon/.slk/.prjt/envs/depth_craft/lib/python3.11/site-packages (from importlib-metadata->dash>=2.6.0->open3d>=0.18->depthcraft==0.1.0) (4.1.0)
Requirement already satisfied: mypy_extensions>=1.0.0 in /home/likhon/.slk/.prjt/envs/depth_craft/lib/python3.11/site-packages (from mypy->depthcraft==0.1.0) (1.1.0)
Requirement already satisfied: pathspec>=1.0.0 in /home/likhon/.slk/.prjt/envs/depth_craft/lib/python3.11/site-packages (from mypy->depthcraft==0.1.0) (1.1.1)
Requirement already satisfied: librt>=0.13.0 in /home/likhon/.slk/.prjt/envs/depth_craft/lib/python3.11/site-packages (from mypy->depthcraft==0.1.0) (0.15.0)
Requirement already satisfied: ast-serialize<1.0.0,>=0.6.0 in /home/likhon/.slk/.prjt/envs/depth_craft/lib/python3.11/site-packages (from mypy->depthcraft==0.1.0) (0.11.2)
Requirement already satisfied: coverage>=7.10.6 in /home/likhon/.slk/.prjt/envs/depth_craft/lib/python3.11/site-packages (from coverage[toml]>=7.10.6->pytest-cov->depthcraft==0.1.0) (7.16.1)
Requirement already satisfied: charset_normalizer<4,>=2 in /home/likhon/.slk/.prjt/envs/depth_craft/lib/python3.11/site-packages (from requests->huggingface-hub<2.0,>=0.33.5->gradio>=4.0->depthcraft==0.1.0) (3.5.1)
Requirement already satisfied: urllib3<3,>=1.26 in /home/likhon/.slk/.prjt/envs/depth_craft/lib/python3.11/site-packages (from requests->huggingface-hub<2.0,>=0.33.5->gradio>=4.0->depthcraft==0.1.0) (2.7.0)
Requirement already satisfied: mpmath<1.4,>=1.1.0 in /home/likhon/.slk/.prjt/envs/depth_craft/lib/python3.11/site-packages (from sympy->torch>=2.0->depthcraft==0.1.0) (1.3.0)
Using cached annotated_doc-0.0.5-py3-none-any.whl (5.3 kB)
Using cached anyio-4.15.1-py3-none-any.whl (132 kB)
Using cached httpx-0.28.1-py3-none-any.whl (73 kB)
Using cached httpcore-1.0.9-py3-none-any.whl (78 kB)
Using cached hf_xet-1.6.0-cp38-abi3-manylinux2014_x86_64.manylinux_2_17_x86_64.whl (4.5 MB)
Downloading pydantic-2.13.5-py3-none-any.whl (472 kB)
Downloading pydantic_core-2.46.5-cp311-cp311-manylinux_2_17_x86_64.manylinux2014_x86_64.whl (2.1 MB)
   ━━━━━━━━━━━━━━━━━━━━━━━━━━━━━━━━━━━━━━━━ 2.1/2.1 MB 78.8 MB/s  0:00:00
Using cached pyyaml-6.0.3-cp311-cp311-manylinux2014_x86_64.manylinux_2_17_x86_64.manylinux_2_28_x86_64.whl (806 kB)
Downloading typer-0.27.2-py3-none-any.whl (123 kB)
Downloading annotated_types-0.8.0-py3-none-any.whl (13 kB)
Using cached h11-0.16.0-py3-none-any.whl (37 kB)
Using cached idna-3.19-py3-none-any.whl (68 kB)
Downloading matplotlib-3.11.2-cp311-cp311-manylinux2014_x86_64.manylinux_2_17_x86_64.whl (9.9 MB)
   ━━━━━━━━━━━━━━━━━━━━━━━━━━━━━━━━━━━━━━━━ 9.9/9.9 MB 79.6 MB/s  0:00:00
Using cached contourpy-1.3.3-cp311-cp311-manylinux_2_27_x86_64.manylinux_2_28_x86_64.whl (355 kB)
Using cached cycler-0.12.1-py3-none-any.whl (8.3 kB)
Downloading fonttools-4.65.0-cp311-cp311-manylinux2014_x86_64.manylinux_2_17_x86_64.whl (5.5 MB)
   ━━━━━━━━━━━━━━━━━━━━━━━━━━━━━━━━━━━━━━━━ 5.5/5.5 MB 87.6 MB/s  0:00:00
Downloading kiwisolver-1.5.1-cp311-cp311-manylinux2014_x86_64.manylinux_2_17_x86_64.whl (1.4 MB)
   ━━━━━━━━━━━━━━━━━━━━━━━━━━━━━━━━━━━━━━━━ 1.4/1.4 MB 75.4 MB/s  0:00:00
Using cached click-8.5.0-py3-none-any.whl (125 kB)
Using cached pygments-2.21.0-py3-none-any.whl (1.3 MB)
Downloading pyparsing-3.3.2-py3-none-any.whl (122 kB)
Using cached python_dateutil-2.9.0.post0-py2.py3-none-any.whl (229 kB)
Using cached rich-15.0.0-py3-none-any.whl (310 kB)
Using cached markdown_it_py-4.2.0-py3-none-any.whl (91 kB)
Using cached mdurl-0.1.2-py3-none-any.whl (10.0 kB)
Downloading scipy-1.17.1-cp311-cp311-manylinux_2_27_x86_64.manylinux_2_28_x86_64.whl (35.3 MB)
   ━━━━━━━━━━━━━━━━━━━━━━━━━━━━━━━━━━━━━━━━ 35.3/35.3 MB 80.6 MB/s  0:00:00
Using cached shellingham-1.5.4-py2.py3-none-any.whl (9.8 kB)
Using cached six-1.17.0-py2.py3-none-any.whl (11 kB)
Using cached tqdm-4.70.1-py3-none-any.whl (80 kB)
Using cached safetensors-0.8.0-cp310-abi3-manylinux_2_17_x86_64.manylinux2014_x86_64.whl (516 kB)
Downloading typing_inspection-0.4.4-py3-none-any.whl (14 kB)
Using cached python_dotenv-1.2.3-py3-none-any.whl (22 kB)
Building wheels for collected packages: depthcraft
  Building editable for depthcraft (pyproject.toml): started
  Building editable for depthcraft (pyproject.toml): finished with status 'done'
  Created wheel for depthcraft: filename=depthcraft-0.1.0-0.editable-py3-none-any.whl size=9721 sha256=cd4bac470ce6032db6c84ade3d664c04038c70f8f7d694584031a96a669325b5
  Stored in directory: /tmp/pip-ephem-wheel-cache-ici806gk/wheels/9b/bd/c5/53ca9f2cf458439b69c066360bb8fe5c7a57547ec47f14c853
Successfully built depthcraft
Installing collected packages: typing-inspection, tqdm, six, shellingham, scipy, safetensors, pyyaml, python-dotenv, pyparsing, pygments, pydantic-core, mdurl, kiwisolver, idna, hf-xet, h11, fonttools, cycler, contourpy, click, annotated-types, annotated-doc, python-dateutil, pydantic, markdown-it-py, httpcore, anyio, rich, matplotlib, httpx, typer, depthcraft
  Attempting uninstall: depthcraft
    Found existing installation: depthcraft 0.1.0
    Uninstalling depthcraft-0.1.0:
      Successfully uninstalled depthcraft-0.1.0

Successfully installed annotated-doc-0.0.5 annotated-types-0.8.0 anyio-4.15.1 click-8.5.0 contourpy-1.3.3 cycler-0.12.1 depthcraft-0.1.0 fonttools-4.65.0 h11-0.16.0 hf-xet-1.6.0 httpcore-1.0.9 httpx-0.28.1 idna-3.19 kiwisolver-1.5.1 markdown-it-py-4.2.0 matplotlib-3.11.2 mdurl-0.1.2 pydantic-2.13.5 pydantic-core-2.46.5 pygments-2.21.0 pyparsing-3.3.2 python-dateutil-2.9.0.post0 python-dotenv-1.2.3 pyyaml-6.0.3 rich-15.0.0 safetensors-0.8.0 scipy-1.17.1 shellingham-1.5.4 six-1.17.0 tqdm-4.70.1 typer-0.27.2 typing-inspection-0.4.4
torch 2.4.1+cu121 cuda True NVIDIA RTX A5000 | transformers 4.49.0 | open3d 0.19.0
